---
source: tests/snapshot.rs
expression: parsed
---
[
  {
    "name": "marko",
    "steam_id": 76561198274165935,
    "joined": [
      2023,
      292
    ],
    "left": null
  },
  {
    "name": "NioH",
    "steam_id": 76561198218881647,
    "joined": [
      2023,
      203
    ],
    "left": null
  },
  {
    "name": "Teroantero2007",
    "steam_id": 76561197996902035,
    "joined": [
      2023,
      177
    ],
    "left": null
  },
  {
    "name": "Raipe",
    "steam_id": 76561198061082936,
    "joined": [
      2023,
      78
    ],
    "left": null
  },
  {
    "name": "drew",
    "steam_id": 76561198012304706,
    "joined": [
      2023,
      43
    ],
    "left": null
  },
  {
    "name": "BaaBo",
    "steam_id": 76561198004331478,
    "joined": [
      2023,
      9
    ],
    "left": null
  },
  {
    "name": "bat",
    "steam_id": 76561198019511460,
    "joined": [
      2022,
      281
    ],
    "left": [
      2023,
      78
    ]
  },
  {
    "name": "Houf",
    "steam_id": 76561198448050535,
    "joined": [
      2022,
      269
    ],
    "left": [
      2022,
      278
    ]
  },
  {
    "name": "Royal Flush",
    "steam_id": 76561198052084714,
    "joined": [
      2022,
      128
    ],
    "left": null
  },
  {
    "name": "Kireek",
    "steam_id": 76561198052694464,
    "joined": [
      2022,
      27
    ],
    "left": null
  },
  {
    "name": "Husky",
    "steam_id": 76561198176360750,
    "joined": [
      2021,
      311
    ],
    "left": [
      2022,
      135
    ]
  },
  {
    "name": "Croc",
    "steam_id": 76561198902479382,
    "joined": [
      2021,
      277
    ],
    "left": [
      2022,
      122
    ]
  },
  {
    "name": "Piney",
    "steam_id": 76561198050910939,
    "joined": [
      2021,
      277
    ],
    "left": [
      2023,
      216
    ]
  },
  {
    "name": "Airplay",
    "steam_id": 76561198286047751,
    "joined": [
      2021,
      277
    ],
    "left": [
      2023,
      177
    ]
  },
  {
    "name": "kanon",
    "steam_id": 76561198154189208,
    "joined": [
      2021,
      272
    ],
    "left": [
      2022,
      4
    ]
  },
  {
    "name": "Husky",
    "steam_id": 76561198176360750,
    "joined": [
      2021,
      187
    ],
    "left": [
      2021,
      276
    ]
  },
  {
    "name": "schaffi",
    "steam_id": 76561198061369274,
    "joined": [
      2021,
      163
    ],
    "left": [
      2023,
      203
    ]
  },
  {
    "name": "Solar",
    "steam_id": 76561198015394193,
    "joined": [
      2021,
      161
    ],
    "left": [
      2021,
      260
    ]
  },
  {
    "name": "Spork",
    "steam_id": 76561198208448312,
    "joined": [
      2021,
      160
    ],
    "left": [
      2022,
      273
    ]
  },
  {
    "name": "Royal Flush",
    "steam_id": 76561198052084714,
    "joined": [
      2021,
      160
    ],
    "left": [
      2022,
      31
    ]
  },
  {
    "name": "Derakusa",
    "steam_id": 76561198011495003,
    "joined": [
      2020,
      275
    ],
    "left": null
  },
  {
    "name": "Schaffi",
    "steam_id": 76561198061369274,
    "joined": [
      2020,
      275
    ],
    "left": [
      2021,
      46
    ]
  },
  {
    "name": "Bonobo",
    "steam_id": 76561198038822935,
    "joined": [
      2020,
      159
    ],
    "left": [
      2021,
      187
    ]
  },
  {
    "name": "Dempsey",
    "steam_id": 76561198049405872,
    "joined": [
      2020,
      156
    ],
    "left": [
      2021,
      311
    ]
  },
  {
    "name": "clx",
    "steam_id": 76561198310925535,
    "joined": [
      2020,
      141
    ],
    "left": [
      2020,
      146
    ]
  },
  {
    "name": "viking",
    "steam_id": 76561198162124761,
    "joined": [
      2020,
      47
    ],
    "left": [
      2021,
      277
    ]
  },
  {
    "name": "Ikaros",
    "steam_id": 76561198158482651,
    "joined": [
      2019,
      307
    ],
    "left": [
      2021,
      277
    ]
  },
  {
    "name": "StelaZ",
    "steam_id": 76561198036824480,
    "joined": [
      2019,
      272
    ],
    "left": null
  },
  {
    "name": "dt",
    "steam_id": 76561198120760515,
    "joined": [
      2019,
      265
    ],
    "left": [
      2021,
      46
    ]
  },
  {
    "name": "brandon",
    "steam_id": 76561198073579100,
    "joined": [
      2019,
      255
    ],
    "left": [
      2020,
      70
    ]
  },
  {
    "name": "Derakusa",
    "steam_id": 76561198011495003,
    "joined": [
      2019,
      172
    ],
    "left": [
      2020,
      265
    ]
  },
  {
    "name": "WiseGenie",
    "steam_id": 76561198405968967,
    "joined": [
      2019,
      156
    ],
    "left": [
      2021,
      60
    ]
  },
  {
    "name": "Amadeus",
    "steam_id": 76561198052198679,
    "joined": [
      2019,
      138
    ],
    "left": [
      2020,
      47
    ]
  },
  {
    "name": "Sebbo",
    "steam_id": 76561198054395451,
    "joined": [
      2019,
      54
    ],
    "left": [
      2019,
      273
    ]
  },
  {
    "name": "Scrambled",
    "steam_id": 76561198058283562,
    "joined": [
      2019,
      51
    ],
    "left": [
      2019,
      255
    ]
  },
  {
    "name": "Peace Sells",
    "steam_id": 76561198224755980,
    "joined": [
      2019,
      34
    ],
    "left": [
      2020,
      275
    ]
  },
  {
    "name": "Slappy",
    "steam_id": 76561198017238822,
    "joined": [
      2019,
      20
    ],
    "left": [
      2019,
      172
    ]
  },
  {
    "name": "Polarium",
    "steam_id": 76561198208448312,
    "joined": [
      2019,
      16
    ],
    "left": [
      2019,
      123
    ]
  },
  {
    "name": "Chochy",
    "steam_id": 76561198275783619,
    "joined": [
      2019,
      14
    ],
    "left": [
      2019,
      29
    ]
  },
  {
    "name": "Kaga",
    "steam_id": 76561198040965137,
    "joined": [
      2018,
      312
    ],
    "left": null
  },
  {
    "name": "Quaddeln",
    "steam_id": 76561198079948125,
    "joined": [
      2018,
      293
    ],
    "left": [
      2019,
      272
    ]
  },
  {
    "name": "supra",
    "steam_id": 76561198011558250,
    "joined": [
      2018,
      276
    ],
    "left": [
      2018,
      347
    ]
  },
  {
    "name": "GibZ",
    "steam_id": 76561198027463207,
    "joined": [
      2018,
      270
    ],
    "left": [
      2019,
      17
    ]
  },
  {
    "name": "Pine",
    "steam_id": 76561198050910939,
    "joined": [
      2018,
      263
    ],
    "left": [
      2021,
      25
    ]
  },
  {
    "name": "Polarium",
    "steam_id": 76561198208448312,
    "joined": [
      2018,
      249
    ],
    "left": [
      2018,
      333
    ]
  },
  {
    "name": "Mr British",
    "steam_id": 76561198046899720,
    "joined": [
      2018,
      147
    ],
    "left": [
      2018,
      301
    ]
  },
  {
    "name": "MrTK",
    "steam_id": 76561198049707157,
    "joined": [
      2018,
      141
    ],
    "left": [
      2019,
      51
    ]
  },
  {
    "name": "Pretzel",
    "steam_id": 76561197996215628,
    "joined": [
      2018,
      138
    ],
    "left": [
      2018,
      293
    ]
  },
  {
    "name": "Teeru",
    "steam_id": 76561198148148180,
    "joined": [
      2018,
      135
    ],
    "left": [
      2018,
      254
    ]
  },
  {
    "name": "Deepfried Monk",
    "steam_id": 76561198028288946,
    "joined": [
      2018,
      135
    ],
    "left": [
      2020,
      159
    ]
  },
  {
    "name": "Leonio",
    "steam_id": 76561198078395610,
    "joined": [
      2018,
      135
    ],
    "left": [
      2019,
      265
    ]
  },
  {
    "name": "Vinegar",
    "steam_id": 76561197983224631,
    "joined": [
      2018,
      57
    ],
    "left": [
      2018,
      119
    ]
  },
  {
    "name": "disabled caiz",
    "steam_id": 76561198082325306,
    "joined": [
      2018,
      29
    ],
    "left": [
      2018,
      276
    ]
  },
  {
    "name": "Mankind LFT",
    "steam_id": 76561197999362239,
    "joined": [
      2017,
      360
    ],
    "left": [
      2018,
      22
    ]
  },
  {
    "name": "Tatty G",
    "steam_id": 76561198091359665,
    "joined": [
      2017,
      294
    ],
    "left": [
      2018,
      263
    ]
  },
  {
    "name": "Rem",
    "steam_id": 76561198065231718,
    "joined": [
      2017,
      294
    ],
    "left": [
      2018,
      185
    ]
  },
  {
    "name": "Mr British 3",
    "steam_id": 76561198046899720,
    "joined": [
      2017,
      286
    ],
    "left": [
      2018,
      81
    ]
  },
  {
    "name": "Polarium",
    "steam_id": 76561198208448312,
    "joined": [
      2017,
      278
    ],
    "left": [
      2017,
      332
    ]
  },
  {
    "name": "PlayerProDG",
    "steam_id": 76561198087728099,
    "joined": [
      2017,
      154
    ],
    "left": [
      2018,
      111
    ]
  },
  {
    "name": "Royal Flush",
    "steam_id": 76561198052084714,
    "joined": [
      2017,
      142
    ],
    "left": [
      2019,
      54
    ]
  },
  {
    "name": "Vinegar TheWon",
    "steam_id": 76561197983224631,
    "joined": [
      2017,
      134
    ],
    "left": [
      2018,
      5
    ]
  },
  {
    "name": "HiipFire",
    "steam_id": 76561198012785231,
    "joined": [
      2017,
      134
    ],
    "left": [
      2017,
      146
    ]
  },
  {
    "name": "coca",
    "steam_id": 76561198077605729,
    "joined": [
      2017,
      110
    ],
    "left": [
      2017,
      235
    ]
  },
  {
    "name": "Vouri",
    "steam_id": 76561198106656127,
    "joined": [
      2017,
      50
    ],
    "left": [
      2017,
      363
    ]
  },
  {
    "name": "Jedi(fla)maste",
    "steam_id": 76561197990486664,
    "joined": [
      2017,
      17
    ],
    "left": null
  },
  {
    "name": "Teroantero",
    "steam_id": 76561197996902035,
    "joined": [
      2017,
      17
    ],
    "left": [
      2017,
      136
    ]
  },
  {
    "name": "TC Coca",
    "steam_id": 76561198077605729,
    "joined": [
      2017,
      9
    ],
    "left": [
      2017,
      20
    ]
  },
  {
    "name": "Pendulum",
    "steam_id": 76561198103892101,
    "joined": [
      2016,
      365
    ],
    "left": [
      2018,
      134
    ]
  },
  {
    "name": "Strix",
    "steam_id": 76561198078178141,
    "joined": [
      2016,
      352
    ],
    "left": [
      2016,
      357
    ]
  },
  {
    "name": "Deepfried Monk",
    "steam_id": 76561198028288946,
    "joined": [
      2016,
      270
    ],
    "left": [
      2016,
      365
    ]
  },
  {
    "name": "bfisch",
    "steam_id": 76561198052461274,
    "joined": [
      2016,
      269
    ],
    "left": [
      2017,
      6
    ]
  },
  {
    "name": "SF Iro",
    "steam_id": 76561198025643013,
    "joined": [
      2016,
      266
    ],
    "left": [
      2016,
      362
    ]
  },
  {
    "name": "meZz09",
    "steam_id": 76561198059887260,
    "joined": [
      2016,
      259
    ],
    "left": [
      2016,
      357
    ]
  },
  {
    "name": "denkra",
    "steam_id": 76561198074899144,
    "joined": [
      2016,
      257
    ],
    "left": [
      2016,
      278
    ]
  },
  {
    "name": "Capu",
    "steam_id": 76561198044857348,
    "joined": [
      2016,
      178
    ],
    "left": [
      2016,
      270
    ]
  },
  {
    "name": "GIELE JohsKo2",
    "steam_id": 76561198058301893,
    "joined": [
      2016,
      173
    ],
    "left": [
      2017,
      12
    ]
  },
  {
    "name": "Kimo",
    "steam_id": 76561197992327511,
    "joined": [
      2016,
      171
    ],
    "left": null
  },
  {
    "name": "Deepfried Monk",
    "steam_id": 76561198028288946,
    "joined": [
      2016,
      150
    ],
    "left": [
      2016,
      259
    ]
  },
  {
    "name": "Foz",
    "steam_id": 76561198076014163,
    "joined": [
      2016,
      146
    ],
    "left": null
  },
  {
    "name": "Cmm Bert",
    "steam_id": 76561198016658674,
    "joined": [
      2016,
      144
    ],
    "left": [
      2017,
      294
    ]
  },
  {
    "name": "Vinegar",
    "steam_id": 76561197983224631,
    "joined": [
      2016,
      136
    ],
    "left": [
      2016,
      164
    ]
  },
  {
    "name": "Kireek",
    "steam_id": 76561198052694464,
    "joined": [
      2016,
      133
    ],
    "left": [
      2019,
      133
    ]
  },
  {
    "name": "Ghillie",
    "steam_id": 76561198033193346,
    "joined": [
      2016,
      57
    ],
    "left": [
      2016,
      262
    ]
  },
  {
    "name": "jojo",
    "steam_id": 76561197995029224,
    "joined": [
      2016,
      17
    ],
    "left": null
  },
  {
    "name": "BaaBo",
    "steam_id": 76561198004331478,
    "joined": [
      2016,
      15
    ],
    "left": [
      2017,
      69
    ]
  },
  {
    "name": "Deity",
    "steam_id": 76561198076020012,
    "joined": [
      2015,
      363
    ],
    "left": null
  },
  {
    "name": "Bencer",
    "steam_id": 76561198042734399,
    "joined": [
      2015,
      309
    ],
    "left": [
      2015,
      351
    ]
  },
  {
    "name": "froggie",
    "steam_id": 76561197980091914,
    "joined": [
      2015,
      288
    ],
    "left": [
      2015,
      346
    ]
  },
  {
    "name": "Mak",
    "steam_id": 76561198049312442,
    "joined": [
      2015,
      266
    ],
    "left": null
  },
  {
    "name": "Vouri",
    "steam_id": 76561198106656127,
    "joined": [
      2015,
      265
    ],
    "left": [
      2016,
      265
    ]
  },
  {
    "name": "cheesey",
    "steam_id": 76561198058352657,
    "joined": [
      2015,
      264
    ],
    "left": [
      2017,
      294
    ]
  },
  {
    "name": "Teo",
    "steam_id": 76561198030853412,
    "joined": [
      2015,
      264
    ],
    "left": [
      2016,
      144
    ]
  },
  {
    "name": "corr",
    "steam_id": 76561198046921199,
    "joined": [
      2015,
      194
    ],
    "left": [
      2015,
      245
    ]
  },
  {
    "name": "Strno",
    "steam_id": 76561198015251809,
    "joined": [
      2015,
      186
    ],
    "left": [
      2016,
      339
    ]
  },
  {
    "name": "cobz",
    "steam_id": 76561198016371188,
    "joined": [
      2015,
      179
    ],
    "left": [
      2015,
      309
    ]
  },
  {
    "name": "Fourty",
    "steam_id": 76561197970532785,
    "joined": [
      2015,
      177
    ],
    "left": [
      2016,
      170
    ]
  },
  {
    "name": "NightWing",
    "steam_id": 76561198010561736,
    "joined": [
      2015,
      176
    ],
    "left": [
      2015,
      265
    ]
  },
  {
    "name": "Feyne",
    "steam_id": 76561198028389239,
    "joined": [
      2015,
      175
    ],
    "left": [
      2016,
      146
    ]
  },
  {
    "name": "DereK",
    "steam_id": 76561198072932719,
    "joined": [
      2015,
      151
    ],
    "left": [
      2015,
      260
    ]
  },
  {
    "name": "Rem",
    "steam_id": 76561198065231718,
    "joined": [
      2015,
      148
    ],
    "left": [
      2016,
      1
    ]
  },
  {
    "name": "Capu",
    "steam_id": 76561198044857348,
    "joined": [
      2015,
      26
    ],
    "left": [
      2015,
      125
    ]
  },
  {
    "name": "Janqe",
    "steam_id": 76561198025732057,
    "joined": [
      2015,
      26
    ],
    "left": [
      2015,
      194
    ]
  },
  {
    "name": "THE METHVAN",
    "steam_id": 76561198130935924,
    "joined": [
      2015,
      25
    ],
    "left": [
      2015,
      121
    ]
  },
  {
    "name": "Panther",
    "steam_id": 76561198062889828,
    "joined": [
      2015,
      24
    ],
    "left": [
      2015,
      145
    ]
  },
  {
    "name": "Slappy",
    "steam_id": 76561198017238822,
    "joined": [
      2015,
      23
    ],
    "left": [
      2017,
      253
    ]
  },
  {
    "name": "Gatinmnsok",
    "steam_id": 76561198064715318,
    "joined": [
      2015,
      1
    ],
    "left": [
      2016,
      178
    ]
  },
  {
    "name": "Rosstisfer",
    "steam_id": 76561198019933879,
    "joined": [
      2014,
      308
    ],
    "left": [
      2016,
      254
    ]
  },
  {
    "name": "Darkes",
    "steam_id": 76561198058253854,
    "joined": [
      2014,
      308
    ],
    "left": [
      2014,
      360
    ]
  },
  {
    "name": "khaos",
    "steam_id": 76561198044610420,
    "joined": [
      2014,
      286
    ],
    "left": [
      2015,
      186
    ]
  },
  {
    "name": "Super",
    "steam_id": 76561198038067254,
    "joined": [
      2014,
      280
    ],
    "left": [
      2014,
      360
    ]
  },
  {
    "name": "DeevoDwarf",
    "steam_id": 76561198058182064,
    "joined": [
      2014,
      265
    ],
    "left": [
      2014,
      265
    ]
  },
  {
    "name": "Derakusa",
    "steam_id": 76561198011495003,
    "joined": [
      2014,
      261
    ],
    "left": [
      2015,
      266
    ]
  },
  {
    "name": "Shoosh",
    "steam_id": 76561198049593717,
    "joined": [
      2014,
      255
    ],
    "left": null
  },
  {
    "name": "Rem",
    "steam_id": 76561198065231718,
    "joined": [
      2014,
      229
    ],
    "left": [
      2015,
      148
    ]
  },
  {
    "name": "DemoN",
    "steam_id": 76561198059584839,
    "joined": [
      2014,
      172
    ],
    "left": [
      2016,
      122
    ]
  },
  {
    "name": "DevilHunter",
    "steam_id": 76561198049826730,
    "joined": [
      2014,
      172
    ],
    "left": [
      2016,
      122
    ]
  },
  {
    "name": "Arty",
    "steam_id": 76561198061685333,
    "joined": [
      2014,
      158
    ],
    "left": [
      2014,
      241
    ]
  },
  {
    "name": "Boskov",
    "steam_id": 76561198054280187,
    "joined": [
      2014,
      138
    ],
    "left": [
      2014,
      232
    ]
  },
  {
    "name": "TinyTerror",
    "steam_id": 76561197996307844,
    "joined": [
      2014,
      130
    ],
    "left": [
      2016,
      30
    ]
  },
  {
    "name": "hjarteknusar",
    "steam_id": 76561198023996045,
    "joined": [
      2014,
      120
    ],
    "left": [
      2015,
      23
    ]
  },
  {
    "name": "Fish",
    "steam_id": 76561198052362074,
    "joined": [
      2014,
      120
    ],
    "left": null
  },
  {
    "name": "drtyeyeball",
    "steam_id": 76561198056603660,
    "joined": [
      2014,
      119
    ],
    "left": [
      2015,
      22
    ]
  },
  {
    "name": "Bencer",
    "steam_id": 76561198042734399,
    "joined": [
      2014,
      116
    ],
    "left": [
      2014,
      147
    ]
  },
  {
    "name": "Mircea YK",
    "steam_id": 76561198047488650,
    "joined": [
      2014,
      116
    ],
    "left": [
      2014,
      212
    ]
  },
  {
    "name": "smarties",
    "steam_id": 76561198054288197,
    "joined": [
      2014,
      68
    ],
    "left": [
      2014,
      117
    ]
  },
  {
    "name": "DevilHunter",
    "steam_id": 76561198049826730,
    "joined": [
      2014,
      64
    ],
    "left": [
      2014,
      116
    ]
  },
  {
    "name": "theshinyspy",
    "steam_id": 76561198067493714,
    "joined": [
      2014,
      64
    ],
    "left": [
      2014,
      157
    ]
  },
  {
    "name": "Rosstisfer",
    "steam_id": 76561198019933879,
    "joined": [
      2014,
      62
    ],
    "left": [
      2014,
      254
    ]
  },
  {
    "name": "Royal Nipple",
    "steam_id": 76561198072518628,
    "joined": [
      2014,
      53
    ],
    "left": [
      2014,
      167
    ]
  },
  {
    "name": "dr bad bone ty",
    "steam_id": 76561198052922917,
    "joined": [
      2014,
      44
    ],
    "left": [
      2014,
      48
    ]
  },
  {
    "name": "hjarteknusar",
    "steam_id": 76561198023996045,
    "joined": [
      2014,
      17
    ],
    "left": [
      2014,
      70
    ]
  },
  {
    "name": "Deepfried Monk",
    "steam_id": 76561198028288946,
    "joined": [
      2014,
      1
    ],
    "left": [
      2014,
      17
    ]
  },
  {
    "name": "Ghillie",
    "steam_id": 76561198033193346,
    "joined": [
      2014,
      1
    ],
    "left": [
      2014,
      260
    ]
  },
  {
    "name": "ekkelund",
    "steam_id": 76561197997105682,
    "joined": [
      2013,
      365
    ],
    "left": [
      2014,
      34
    ]
  },
  {
    "name": "-Xe- Vappppppp",
    "steam_id": 76561198019933879,
    "joined": [
      2013,
      361
    ],
    "left": [
      2014,
      52
    ]
  },
  {
    "name": "wardemon mix",
    "steam_id": 76561198054462519,
    "joined": [
      2013,
      361
    ],
    "left": [
      2014,
      124
    ]
  },
  {
    "name": "DudeoftheRock",
    "steam_id": 76561198059401865,
    "joined": [
      2013,
      271
    ],
    "left": [
      2015,
      23
    ]
  },
  {
    "name": "Spannzer",
    "steam_id": 76561198057121917,
    "joined": [
      2013,
      262
    ],
    "left": [
      2013,
      294
    ]
  },
  {
    "name": "Feyne",
    "steam_id": 76561198028389239,
    "joined": [
      2013,
      246
    ],
    "left": [
      2015,
      23
    ]
  },
  {
    "name": "Shoosh!",
    "steam_id": 76561198049593717,
    "joined": [
      2013,
      234
    ],
    "left": [
      2014,
      141
    ]
  },
  {
    "name": "Crazy3k",
    "steam_id": 76561198056225108,
    "joined": [
      2013,
      227
    ],
    "left": [
      2014,
      118
    ]
  },
  {
    "name": "Hayras",
    "steam_id": 76561198003255057,
    "joined": [
      2013,
      224
    ],
    "left": [
      2013,
      234
    ]
  },
  {
    "name": "Gardener Gnome",
    "steam_id": 76561198010266253,
    "joined": [
      2013,
      223
    ],
    "left": [
      2015,
      23
    ]
  },
  {
    "name": "HardCoreMother",
    "steam_id": 76561198021813586,
    "joined": [
      2013,
      223
    ],
    "left": [
      2013,
      224
    ]
  },
  {
    "name": "drtyeyeball_#0",
    "steam_id": 76561198056603660,
    "joined": [
      2013,
      221
    ],
    "left": [
      2013,
      361
    ]
  },
  {
    "name": "iTouch",
    "steam_id": 76561198041855608,
    "joined": [
      2013,
      221
    ],
    "left": [
      2014,
      1
    ]
  },
  {
    "name": "? Wolfy ?",
    "steam_id": 76561198072470593,
    "joined": [
      2013,
      221
    ],
    "left": [
      2013,
      361
    ]
  },
  {
    "name": "Icewind",
    "steam_id": 76561198024494988,
    "joined": [
      2013,
      221
    ],
    "left": null
  },
  {
    "name": "Huper",
    "steam_id": 76561198007918526,
    "joined": [
      2013,
      218
    ],
    "left": [
      2014,
      118
    ]
  },
  {
    "name": "BenceMate",
    "steam_id": 76561198042734399,
    "joined": [
      2013,
      218
    ],
    "left": [
      2014,
      1
    ]
  },
  {
    "name": "ShakeNova",
    "steam_id": 76561198054279994,
    "joined": [
      2013,
      218
    ],
    "left": [
      2015,
      23
    ]
  },
  {
    "name": "jojo",
    "steam_id": 76561197995029224,
    "joined": [
      2013,
      218
    ],
    "left": [
      2015,
      277
    ]
  },
  {
    "name": "NoSocks",
    "steam_id": 76561198012110404,
    "joined": [
      2013,
      218
    ],
    "left": null
  },
  {
    "name": "-Xe-Shoosh!",
    "steam_id": 76561198049593717,
    "joined": [
      2013,
      218
    ],
    "left": [
      2013,
      234
    ]
  },
  {
    "name": "-Xe-Mezzoo!",
    "steam_id": 76561198060782652,
    "joined": [
      2013,
      218
    ],
    "left": [
      2013,
      361
    ]
  },
  {
    "name": "-Xe-Vaporean",
    "steam_id": 76561198019933879,
    "joined": [
      2013,
      218
    ],
    "left": [
      2013,
      361
    ]
  },
  {
    "name": "Exe",
    "steam_id": 76561198053667422,
    "joined": [
      2013,
      218
    ],
    "left": [
      2016,
      148
    ]
  }
]
