---
source: tests/snapshot.rs
expression: parsed
---
{
  "name": "Xenon",
  "tag": "-Xe-",
  "image": "https://steamcdn-a.akamaihd.net/steamcommunity/public/images/avatars/db/dbabbd8bab7ccf6d27a9d4ca2e73a76e085bb201_full.jpg",
  "format": "9v9",
  "timezone": "West-Euro",
  "steam_group": "https://steamcommunity.com/groups/XenonxTF2",
  "division": "Euro Platinum",
  "description": "Contact Kimo or Icewind for everything.",
  "titles": [
    "TF2 HL EU Silver 3rd Place S18"
  ],
  "members": [
    {
      "name": "Icewind demostf",
      "steam_id": "76561198024494988",
      "role": "Leader",
      "since": "+002013-08-09T03:23:00.000000000-05:00"
    },
    {
      "name": "Fish",
      "steam_id": "76561198052362074",
      "role": "Leader",
      "since": "+002014-04-30T10:37:00.000000000-05:00"
    },
    {
      "name": "GCKimo",
      "steam_id": "76561197992327511",
      "role": "Leader",
      "since": "+002016-06-19T11:24:00.000000000-05:00"
    },
    {
      "name": "NoSocks",
      "steam_id": "76561198012110404",
      "role": "Member",
      "since": "+002013-08-06T05:21:00.000000000-05:00"
    },
    {
      "name": "Shoosh",
      "steam_id": "76561198049593717",
      "role": "Member",
      "since": "+002014-09-12T09:37:00.000000000-05:00"
    },
    {
      "name": "Dirty Sneeds Done",
      "steam_id": "76561198049312442",
      "role": "Member",
      "since": "+002015-09-23T12:24:00.000000000-05:00"
    },
    {
      "name": "Deity",
      "steam_id": "76561198076020012",
      "role": "Member",
      "since": "+002015-12-29T02:52:00.000000000-05:00"
    },
    {
      "name": "jojo",
      "steam_id": "76561197995029224",
      "role": "Member",
      "since": "+002016-01-17T10:47:00.000000000-05:00"
    },
    {
      "name": "bigdog",
      "steam_id": "76561198076014163",
      "role": "Member",
      "since": "+002016-05-25T04:08:00.000000000-05:00"
    },
    {
      "name": "musTard",
      "steam_id": "76561197990486664",
      "role": "Member",
      "since": "+002017-01-17T07:43:00.000000000-05:00"
    },
    {
      "name": "Kaga",
      "steam_id": "76561198040965137",
      "role": "Member",
      "since": "+002018-11-08T06:42:00.000000000-05:00"
    },
    {
      "name": "STEEEEEEEEEEELAZ",
      "steam_id": "76561198036824480",
      "role": "Member",
      "since": "+002019-09-29T08:35:00.000000000-05:00"
    },
    {
      "name": "Derakusa",
      "steam_id": "76561198011495003",
      "role": "Member",
      "since": "+002020-10-01T04:28:00.000000000-05:00"
    },
    {
      "name": "Kireek",
      "steam_id": "76561198052694464",
      "role": "Member",
      "since": "+002022-01-27T04:17:00.000000000-05:00"
    },
    {
      "name": "Royal Flush",
      "steam_id": "76561198052084714",
      "role": "Member",
      "since": "+002022-05-08T06:42:00.000000000-05:00"
    },
    {
      "name": "BaaBo",
      "steam_id": "76561198004331478",
      "role": "Member",
      "since": "+002023-01-09T10:18:00.000000000-05:00"
    },
    {
      "name": "drew",
      "steam_id": "76561198012304706",
      "role": "Member",
      "since": "+002023-02-12T05:54:00.000000000-05:00"
    },
    {
      "name": "Raipe",
      "steam_id": "76561198061082936",
      "role": "Member",
      "since": "+002023-03-19T05:27:00.000000000-05:00"
    },
    {
      "name": "Teroantero2007",
      "steam_id": "76561197996902035",
      "role": "Member",
      "since": "+002023-06-26T02:01:00.000000000-05:00"
    },
    {
      "name": "taskmast33r",
      "steam_id": "76561198218881647",
      "role": "Member",
      "since": "+002023-07-22T04:46:00.000000000-05:00"
    },
    {
      "name": "marko",
      "steam_id": "76561198274165935",
      "role": "Member",
      "since": "+002023-10-19T01:13:00.000000000-05:00"
    }
  ],
  "results": [
    {
      "season": 40,
      "division": "Euro Platinum",
      "wins": 3,
      "losses": 5
    },
    {
      "season": 39,
      "division": "Euro Platinum",
      "wins": 4,
      "losses": 5
    },
    {
      "season": 38,
      "division": "Euro Silver",
      "wins": 4,
      "losses": 5
    },
    {
      "season": 37,
      "division": "Euro Silver",
      "wins": 9,
      "losses": 2
    },
    {
      "season": 36,
      "division": "Euro Platinum",
      "wins": 2,
      "losses": 6
    },
    {
      "season": 35,
      "division": "Euro Platinum",
      "wins": 2,
      "losses": 6
    },
    {
      "season": 34,
      "division": "Euro Platinum",
      "wins": 3,
      "losses": 6
    },
    {
      "season": 32,
      "division": "Euro Platinum",
      "wins": 3,
      "losses": 5
    },
    {
      "season": 31,
      "division": "Euro Platinum",
      "wins": 4,
      "losses": 4
    },
    {
      "season": 30,
      "division": "Euro Platinum",
      "wins": 3,
      "losses": 5
    },
    {
      "season": 29,
      "division": "Euro Platinum",
      "wins": 4,
      "losses": 4
    },
    {
      "season": 28,
      "division": "Euro Platinum",
      "wins": 3,
      "losses": 3
    },
    {
      "season": 27,
      "division": "Premium EU",
      "wins": 4,
      "losses": 5
    },
    {
      "season": 26,
      "division": "Premium EU",
      "wins": 3,
      "losses": 5
    },
    {
      "season": 25,
      "division": "Euro Platinum",
      "wins": 5,
      "losses": 6
    },
    {
      "season": 24,
      "division": "Euro Platinum",
      "wins": 4,
      "losses": 4
    },
    {
      "season": 23,
      "division": "Euro Platinum",
      "wins": 5,
      "losses": 6
    },
    {
      "season": 22,
      "division": "Euro Platinum",
      "wins": 4,
      "losses": 6
    },
    {
      "season": 21,
      "division": "Euro Platinum",
      "wins": 4,
      "losses": 4
    },
    {
      "season": 20,
      "division": "Euro Platinum",
      "wins": 2,
      "losses": 5
    },
    {
      "season": 19,
      "division": "Euro Gold",
      "wins": 6,
      "losses": 5
    },
    {
      "season": 18,
      "division": "Euro Silver",
      "wins": 7,
      "losses": 4
    },
    {
      "season": 17,
      "division": "Euro Silver",
      "wins": 3,
      "losses": 5
    },
    {
      "season": 16,
      "division": "Euro Silver",
      "wins": 3,
      "losses": 5
    },
    {
      "season": 15,
      "division": "Euro Silver",
      "wins": 2,
      "losses": 6
    },
    {
      "season": 14,
      "division": "Euro Silver",
      "wins": 3,
      "losses": 5
    },
    {
      "season": 13,
      "division": "Euro Silver",
      "wins": 3,
      "losses": 6
    },
    {
      "season": 12,
      "division": "Euro Silver",
      "wins": 4,
      "losses": 5
    },
    {
      "season": 11,
      "division": "Euro Steel",
      "wins": 4,
      "losses": 4
    }
  ],
  "name_changes": []
}
