---
source: tests/snapshot.rs
expression: parsed
---
[
  {
    "name": "!?",
    "id": 32069
  },
  {
    "name": "!add 4 without ss",
    "id": 31147
  },
  {
    "name": "+2",
    "id": 30485
  },
  {
    "name": "-122=112=2?3",
    "id": 30523
  },
  {
    "name": "-w-",
    "id": 30787
  },
  {
    "name": "-w-",
    "id": 30786
  },
  {
    "name": "0p",
    "id": 30486
  },
  {
    "name": "100 gecs",
    "id": 31996
  },
  {
    "name": "1000dpm",
    "id": 33031
  },
  {
    "name": "1077-",
    "id": 30225
  },
  {
    "name": "1500ptsmgeduo",
    "id": 30613
  },
  {
    "name": "180treehouse",
    "id": 31788
  },
  {
    "name": "2 Bigs 1 Div",
    "id": 31463
  },
  {
    "name": "2 brothers unlimited",
    "id": 30271
  },
  {
    "name": "2 cats in a basket",
    "id": 31294
  },
  {
    "name": "2 Guys 1 Cup",
    "id": 30311
  },
  {
    "name": "2 Hot Males in Your Area",
    "id": 30337
  },
  {
    "name": "2 Kill-a-Watt",
    "id": 31255
  },
  {
    "name": "2 m0nkeys",
    "id": 31085
  },
  {
    "name": "2 m0nkeys",
    "id": 31074
  },
  {
    "name": "2 pack",
    "id": 32757
  },
  {
    "name": "2-Legged Takedown",
    "id": 31718
  },
  {
    "name": "2000 bucks for a cigarette",
    "id": 30310
  },
  {
    "name": "2016 XXL Freshmen Cypher",
    "id": 32262
  },
  {
    "name": "2CutiesPlayUlties",
    "id": 31547
  },
  {
    "name": "2enty",
    "id": 30191
  },
  {
    "name": "2wo",
    "id": 30643
  },
  {
    "name": "38 Merits",
    "id": 30668
  },
  {
    "name": "3k",
    "id": 31758
  },
  {
    "name": "3K",
    "id": 31759
  },
  {
    "name": "3K ELO",
    "id": 30290
  },
  {
    "name": "4REAL",
    "id": 31613
  },
  {
    "name": "5Door",
    "id": 32617
  },
  {
    "name": "4 - 6 - 4",
    "id": 31244
  },
  {
    "name": ":)",
    "id": 31567
  },
  {
    "name": ":3 ESports",
    "id": 33016
  },
  {
    "name": ":mugi:",
    "id": 32001
  },
  {
    "name": ":ujel:",
    "id": 31464
  },
  {
    "name": "<3",
    "id": 32052
  },
  {
    "name": "?",
    "id": 30784
  },
  {
    "name": "A.I.D.S",
    "id": 31330
  },
  {
    "name": "Abo Qaseem",
    "id": 30338
  },
  {
    "name": "ABOBA Team",
    "id": 32504
  },
  {
    "name": "adventure time ham sammich",
    "id": 31072
  },
  {
    "name": "AIMBOT.EXE",
    "id": 30528
  },
  {
    "name": "aiming rockets",
    "id": 32558
  },
  {
    "name": "akinak1337",
    "id": 33200
  },
  {
    "name": "AlumilaiX",
    "id": 30612
  },
  {
    "name": "Ambulas",
    "id": 31150
  },
  {
    "name": "Amogus",
    "id": 31916
  },
  {
    "name": "ANDREY_15",
    "id": 32769
  },
  {
    "name": "anime",
    "id": 31321
  },
  {
    "name": "Anime boy look like girl",
    "id": 30208
  },
  {
    "name": "anime sickness",
    "id": 30197
  },
  {
    "name": "ANTI-RED",
    "id": 30230
  },
  {
    "name": "ANTIBITE EMPIRE",
    "id": 30366
  },
  {
    "name": "Antihero Collective",
    "id": 30666
  },
  {
    "name": "antlers and doomicorn",
    "id": 30192
  },
  {
    "name": "any juicers?",
    "id": 30955
  },
  {
    "name": "ardillas por doquier",
    "id": 31026
  },
  {
    "name": "AREA 51",
    "id": 31185
  },
  {
    "name": "asap mob",
    "id": 30325
  },
  {
    "name": "ASIANS",
    "id": 30203
  },
  {
    "name": "Atrium Rats",
    "id": 32833
  },
  {
    "name": "AVI",
    "id": 31350
  },
  {
    "name": "awooduo",
    "id": 30233
  },
  {
    "name": "awoooo",
    "id": 30665
  },
  {
    "name": "Baby Punching Marathon",
    "id": 30189
  },
  {
    "name": "BAD",
    "id": 31919
  },
  {
    "name": "baD boys 4 lIfe TO The BoNe bLue waleS/",
    "id": 32078
  },
  {
    "name": "Balcón de bombardeo",
    "id": 31980
  },
  {
    "name": "ballsinmymouth",
    "id": 32056
  },
  {
    "name": "BalooIQ Technologies",
    "id": 31081
  },
  {
    "name": "Baltika 2",
    "id": 31583
  },
  {
    "name": "BANANA CANANA",
    "id": 30383
  },
  {
    "name": "bangla bros",
    "id": 31083
  },
  {
    "name": "Barisan para Mantan",
    "id": 31764
  },
  {
    "name": "basic is a snake",
    "id": 30172
  },
  {
    "name": "bean boys",
    "id": 31508
  },
  {
    "name": "beast",
    "id": 30193
  },
  {
    "name": "BeastMode",
    "id": 31512
  },
  {
    "name": "Beg Fed Fraggers",
    "id": 33259
  },
  {
    "name": "Best Crosshair",
    "id": 30240
  },
  {
    "name": "best friends",
    "id": 30562
  },
  {
    "name": "Beyblade ultiduo squad",
    "id": 30258
  },
  {
    "name": "bg frèr",
    "id": 30614
  },
  {
    "name": "BigBrainPingProblems?",
    "id": 32242
  },
  {
    "name": "BINGUS ESPORT",
    "id": 31213
  },
  {
    "name": "bitch i'ma döl addict",
    "id": 31719
  },
  {
    "name": "BLACK GENITALS ON GOD",
    "id": 31824
  },
  {
    "name": "BLE$$ED",
    "id": 33212
  },
  {
    "name": "blind trust",
    "id": 32457
  },
  {
    "name": "Bloodmoon",
    "id": 32723
  },
  {
    "name": "BlueFez",
    "id": 31288
  },
  {
    "name": "bo's bobo",
    "id": 31979
  },
  {
    "name": "Bob The Builder",
    "id": 31044
  },
  {
    "name": "Boba eSports",
    "id": 32323
  },
  {
    "name": "BodyShot",
    "id": 30957
  },
  {
    "name": "Bogoss",
    "id": 30563
  },
  {
    "name": "BOOLIN",
    "id": 32066
  },
  {
    "name": "booty munchers",
    "id": 30534
  },
  {
    "name": "SFRJ- - borba",
    "id": 30247
  },
  {
    "name": "Bosnian Horns",
    "id": 32546
  },
  {
    "name": "BRATKI",
    "id": 31258
  },
  {
    "name": "Breadmens united team",
    "id": 31161
  },
  {
    "name": "breastfed gaming",
    "id": 30902
  },
  {
    "name": "Brek",
    "id": 32147
  },
  {
    "name": "Brigidooooo Kung Leo",
    "id": 30702
  },
  {
    "name": "bro. brooo...whats happening WHATS HAPPE",
    "id": 31326
  },
  {
    "name": "Brock & The Healthy Bastard",
    "id": 30270
  },
  {
    "name": "Brony Sqaud",
    "id": 31409
  },
  {
    "name": "Brooklyn Nets",
    "id": 32613
  },
  {
    "name": "BrühMoment",
    "id": 31511
  },
  {
    "name": "Burek Fanboys",
    "id": 33256
  },
  {
    "name": "Burning Flames",
    "id": 31944
  },
  {
    "name": "Burning Flames",
    "id": 30194
  },
  {
    "name": "BUST TO BUST",
    "id": 30234
  },
  {
    "name": "Casual Tryhard",
    "id": 30329
  },
  {
    "name": "cat face",
    "id": 30249
  },
  {
    "name": "catface",
    "id": 30231
  },
  {
    "name": "Celtic Biscuit Alliance",
    "id": 30226
  },
  {
    "name": "Chantier",
    "id": 30638
  },
  {
    "name": "Chantier",
    "id": 30639
  },
  {
    "name": "Check This Out",
    "id": 30663
  },
  {
    "name": "Child Phone",
    "id": 32755
  },
  {
    "name": "Ciapciano Cretinos",
    "id": 31318
  },
  {
    "name": "ciftlikbank",
    "id": 31210
  },
  {
    "name": "CLANGERSONLY",
    "id": 31488
  },
  {
    "name": "CLEAR COMMS!",
    "id": 30241
  },
  {
    "name": "cliffside",
    "id": 31030
  },
  {
    "name": "Club Athlétique Bizertin",
    "id": 31947
  },
  {
    "name": "CMZ Team",
    "id": 31247
  },
  {
    "name": "CNH",
    "id": 33036
  },
  {
    "name": "Coast Ghosts",
    "id": 32515
  },
  {
    "name": "Cock a Hoop",
    "id": 32182
  },
  {
    "name": "Cocks and Balls",
    "id": 31406
  },
  {
    "name": "Cold Bois",
    "id": 32557
  },
  {
    "name": "colonthree",
    "id": 30301
  },
  {
    "name": "COOMER ALLES",
    "id": 30282
  },
  {
    "name": "Cotton Spinners",
    "id": 32451
  },
  {
    "name": "counterjumping egirls",
    "id": 32458
  },
  {
    "name": "Crème caramel",
    "id": 30972
  },
  {
    "name": "cringeduo",
    "id": 33026
  },
  {
    "name": "CRIPZ",
    "id": 32992
  },
  {
    "name": "Croger",
    "id": 32660
  },
  {
    "name": "Crystal Snakes Ultiduo",
    "id": 31212
  },
  {
    "name": "crystalline pill",
    "id": 32663
  },
  {
    "name": "ctf_2dorks",
    "id": 31075
  },
  {
    "name": "cum messiahs",
    "id": 31077
  },
  {
    "name": "CustyDuo",
    "id": 32998
  },
  {
    "name": "Cute Boys Tryharding",
    "id": 32339
  },
  {
    "name": "Da Finale BUrga",
    "id": 30308
  },
  {
    "name": "Danmarkermænd",
    "id": 31292
  },
  {
    "name": "DarkHourseUlti",
    "id": 30969
  },
  {
    "name": "Date Tech",
    "id": 31283
  },
  {
    "name": "Death Con 3",
    "id": 33193
  },
  {
    "name": "debills",
    "id": 32301
  },
  {
    "name": "DeBills",
    "id": 32298
  },
  {
    "name": "Decho Esports",
    "id": 32453
  },
  {
    "name": "Dekilla",
    "id": 32788
  },
  {
    "name": "Descent eSports 2s",
    "id": 30347
  },
  {
    "name": "DESK SLAMMERS",
    "id": 30157
  },
  {
    "name": "desupawcito >:3",
    "id": 30319
  },
  {
    "name": "Deutsche Kampf Einheit",
    "id": 30895
  },
  {
    "name": "Deutscher Demokratischer Literaturclub",
    "id": 30806
  },
  {
    "name": "Die Großverdiener",
    "id": 31029
  },
  {
    "name": "Dingus Grease",
    "id": 32469
  },
  {
    "name": "Disgusting and Deleted",
    "id": 30701
  },
  {
    "name": "X - DJ EL DEMONIO BLOCK",
    "id": 32891
  },
  {
    "name": "Dm_Duel buddies",
    "id": 31946
  },
  {
    "name": "Dogok",
    "id": 30284
  },
  {
    "name": "Dois na Arena",
    "id": 32246
  },
  {
    "name": "Don pepe y los globos",
    "id": 31133
  },
  {
    "name": "Dookie Brown Gaming",
    "id": 30281
  },
  {
    "name": "doomers irl",
    "id": 31724
  },
  {
    "name": "DoubleBrothers",
    "id": 32299
  },
  {
    "name": "Dowwy Thailand Adult Video",
    "id": 31427
  },
  {
    "name": "Dr Pepper Days",
    "id": 30602
  },
  {
    "name": "Drewniak i Przyjaciele",
    "id": 31974
  },
  {
    "name": "Drip Guardians",
    "id": 32181
  },
  {
    "name": "DROPA",
    "id": 30207
  },
  {
    "name": "Dúo Dinámico",
    "id": 30835
  },
  {
    "name": "Duo Erda",
    "id": 31437
  },
  {
    "name": "DUOLINGO",
    "id": 31025
  },
  {
    "name": "Earbuddies",
    "id": 30171
  },
  {
    "name": "Earbuddies",
    "id": 30307
  },
  {
    "name": "Earbuddies",
    "id": 30179
  },
  {
    "name": "earbuds",
    "id": 30717
  },
  {
    "name": "eastern",
    "id": 32209
  },
  {
    "name": "Eastern EU",
    "id": 30380
  },
  {
    "name": "edate",
    "id": 30223
  },
  {
    "name": "Eepily Fan Club",
    "id": 31650
  },
  {
    "name": "egykisrlcraft?",
    "id": 30177
  },
  {
    "name": "86- - Eighty-Six",
    "id": 32587
  },
  {
    "name": "EL DEMONIO",
    "id": 30339
  },
  {
    "name": "Elders",
    "id": 30118
  },
  {
    "name": "Elementary Two",
    "id": 33032
  },
  {
    "name": "en 2",
    "id": 30688
  },
  {
    "name": "Enigma TF2",
    "id": 30532
  },
  {
    "name": "Enigma TF2 Ulti",
    "id": 31565
  },
  {
    "name": "Entropy Thursdays",
    "id": 31028
  },
  {
    "name": "Envision Crew",
    "id": 33203
  },
  {
    "name": "Ernie Fans",
    "id": 31781
  },
  {
    "name": "esa2v2",
    "id": 30178
  },
  {
    "name": "EsBeArTeambb",
    "id": 32478
  },
  {
    "name": "European Intellect",
    "id": 30900
  },
  {
    "name": "ez farm",
    "id": 32146
  },
  {
    "name": "Ez Game",
    "id": 30285
  },
  {
    "name": "ezz farmed pub noobz",
    "id": 32046
  },
  {
    "name": "FaGladSmall",
    "id": 30611
  },
  {
    "name": "Farm medalki",
    "id": 32864
  },
  {
    "name": "FBIX",
    "id": 30242
  },
  {
    "name": "Fear Factory",
    "id": 32990
  },
  {
    "name": "Feila esports",
    "id": 30743
  },
  {
    "name": "FERRARI.PEEK",
    "id": 33201
  },
  {
    "name": "FForYou",
    "id": 31616
  },
  {
    "name": "Finnish Space Programme",
    "id": 31649
  },
  {
    "name": "fischlc6",
    "id": 32747
  },
  {
    "name": "Flip flop parkour",
    "id": 31331
  },
  {
    "name": "Flying Tomatoes",
    "id": 30959
  },
  {
    "name": "Forbidden",
    "id": 30899
  },
  {
    "name": "Forced Furzonisation",
    "id": 30186
  },
  {
    "name": "FORMOISEI",
    "id": 31722
  },
  {
    "name": "FRANÇAISE",
    "id": 32580
  },
  {
    "name": "French Fries With Francis",
    "id": 32868
  },
  {
    "name": "FRESHHyessirrrrr",
    "id": 30374
  },
  {
    "name": "Friendlies League Revolt",
    "id": 32172
  },
  {
    "name": "Friends Forever",
    "id": 31078
  },
  {
    "name": "froggo friends",
    "id": 32254
  },
  {
    "name": "Froggs&Rabbits",
    "id": 32073
  },
  {
    "name": "Furryisbiggao",
    "id": 31303
  },
  {
    "name": "gachagachagachagacha",
    "id": 32756
  },
  {
    "name": "Garry's Awful Youth Boot Camp",
    "id": 31933
  },
  {
    "name": "Gawr Gura",
    "id": 30188
  },
  {
    "name": "- Gays in pijama",
    "id": 30286
  },
  {
    "name": "gdggssjtddtj",
    "id": 32829
  },
  {
    "name": "Gentlemerc's Union Ultiduo",
    "id": 30326
  },
  {
    "name": "Goatifi Fan Club",
    "id": 32825
  },
  {
    "name": "GodTier Black",
    "id": 32502
  },
  {
    "name": "GodTier Esports",
    "id": 32477
  },
  {
    "name": "Goku Gods",
    "id": 30232
  },
  {
    "name": "Goku Gods",
    "id": 32991
  },
  {
    "name": "Goler Gang",
    "id": 30742
  },
  {
    "name": "good one",
    "id": 31031
  },
  {
    "name": "goopy munchers",
    "id": 30533
  },
  {
    "name": "gothboiclique",
    "id": 30797
  },
  {
    "name": "gotta eat the grape before you can be th",
    "id": 30358
  },
  {
    "name": "Graivil Pit Pugs",
    "id": 30278
  },
  {
    "name": "Grove Street Fammillies",
    "id": 30610
  },
  {
    "name": "Gushers Fan Club",
    "id": 32459
  },
  {
    "name": "gwank dif",
    "id": 31694
  },
  {
    "name": "h34vys",
    "id": 31140
  },
  {
    "name": "HaaChaMa",
    "id": 30988
  },
  {
    "name": "Habib's Special Forces Ultiduo",
    "id": 32148
  },
  {
    "name": "haha epic gamer tweam (REAL)",
    "id": 31701
  },
  {
    "name": "hakuna matata!",
    "id": 30572
  },
  {
    "name": "Halal Gamers",
    "id": 31487
  },
  {
    "name": "halfs 4 team (-2)",
    "id": 30159
  },
  {
    "name": "halt einfach dein maul",
    "id": 30227
  },
  {
    "name": "Hartz and Dejvi Crazy in Love",
    "id": 32347
  },
  {
    "name": "Harvard Dropouts",
    "id": 30904
  },
  {
    "name": "heeballboom",
    "id": 30569
  },
  {
    "name": "hello",
    "id": 30753
  },
  {
    "name": "Hello?",
    "id": 30343
  },
  {
    "name": "heroindll",
    "id": 32310
  },
  {
    "name": "Hex: Medic",
    "id": 30344
  },
  {
    "name": "Highrollers",
    "id": 31484
  },
  {
    "name": "HLM",
    "id": 30267
  },
  {
    "name": "HOBOLEAGUE: BLACK",
    "id": 32487
  },
  {
    "name": "hololive",
    "id": 32692
  },
  {
    "name": "Homoerotic Pokefurs",
    "id": 32083
  },
  {
    "name": "Honor of Duty Ultiduo",
    "id": 30202
  },
  {
    "name": "horny vtuber stans",
    "id": 30640
  },
  {
    "name": "Hotdog Dave's Team",
    "id": 31886
  },
  {
    "name": "Household Objects",
    "id": 30662
  },
  {
    "name": "Huge from edasy",
    "id": 31782
  },
  {
    "name": "Hybr1dGvng",
    "id": 30894
  },
  {
    "name": "Hydration",
    "id": 31507
  },
  {
    "name": "i don't have time for this game anymore",
    "id": 30277
  },
  {
    "name": "i maxed my credit card",
    "id": 30273
  },
  {
    "name": "I will never lose",
    "id": 32812
  },
  {
    "name": "Ice Hotel",
    "id": 30210
  },
  {
    "name": "icy hot stuntaz",
    "id": 32781
  },
  {
    "name": "Idk what ever u want",
    "id": 30388
  },
  {
    "name": "ik ben er binnen 30 minutjes",
    "id": 32661
  },
  {
    "name": "im feeling it",
    "id": 30600
  },
  {
    "name": "Imagina",
    "id": 32291
  },
  {
    "name": "ImpaKt Gaming",
    "id": 30525
  },
  {
    "name": "Incredibly Average Players",
    "id": 30536
  },
  {
    "name": "Incredibly Sexy Icemanwest Stans",
    "id": 32657
  },
  {
    "name": "Incredibly Sexy Independent Seafarers",
    "id": 32160
  },
  {
    "name": "InFixed",
    "id": 30489
  },
  {
    "name": "Inquisition Incorporated",
    "id": 30530
  },
  {
    "name": "__ - Invite Champion FROYO aim Scared By Chil",
    "id": 32161
  },
  {
    "name": "It's Morbin Time",
    "id": 32780
  },
  {
    "name": "J.M",
    "id": 30357
  },
  {
    "name": "J4MM3RS F4NCLU8",
    "id": 30274
  },
  {
    "name": "jacobins",
    "id": 31807
  },
  {
    "name": "JACOSDUO",
    "id": 31885
  },
  {
    "name": "jaguar drip",
    "id": 32032
  },
  {
    "name": "jazz fusion",
    "id": 30356
  },
  {
    "name": "JB Cool",
    "id": 30815
  },
  {
    "name": "Jb_ultiduo",
    "id": 32297
  },
  {
    "name": "Jeff Bezos's gremlins",
    "id": 31110
  },
  {
    "name": "Jill+xarlon= :)",
    "id": 32455
  },
  {
    "name": "JoJo's Bizarre Adventure",
    "id": 30537
  },
  {
    "name": "JoJo's Bizarre Adventure",
    "id": 30531
  },
  {
    "name": "julio uno sinko + el gabo uwu",
    "id": 31435
  },
  {
    "name": "just4fun",
    "id": 30289
  },
  {
    "name": "kagamine twins",
    "id": 32461
  },
  {
    "name": "kangaroo",
    "id": 30224
  },
  {
    "name": "Karma'x",
    "id": 31270
  },
  {
    "name": "kekaduo",
    "id": 32828
  },
  {
    "name": "kekekun",
    "id": 30529
  },
  {
    "name": "kempton ROYALS 2v2",
    "id": 32456
  },
  {
    "name": "Kian Baird",
    "id": 31783
  },
  {
    "name": "KidCudiVEVO",
    "id": 32501
  },
  {
    "name": "Kids Eliminator",
    "id": 30716
  },
  {
    "name": "Killer Bees",
    "id": 30162
  },
  {
    "name": "Kim Possible on a hot summers day",
    "id": 31741
  },
  {
    "name": "King Bugs",
    "id": 32761
  },
  {
    "name": "Kings Of Sex",
    "id": 31316
  },
  {
    "name": "Kings of the Hill",
    "id": 31080
  },
  {
    "name": "Kitty Kitty Gang Gang",
    "id": 30599
  },
  {
    "name": "KKS Lech Poznań",
    "id": 32849
  },
  {
    "name": "krawiechui",
    "id": 30291
  },
  {
    "name": "kritz to mid",
    "id": 30568
  },
  {
    "name": "Lady Dada's Nightmare",
    "id": 30524
  },
  {
    "name": "Laggy Asians",
    "id": 30320
  },
  {
    "name": "Lamak",
    "id": 31973
  },
  {
    "name": "Last place",
    "id": 32862
  },
  {
    "name": "Legit -AA-",
    "id": 30378
  },
  {
    "name": "leg؜it god",
    "id": 32771
  },
  {
    "name": "Lemonz",
    "id": 31818
  },
  {
    "name": "let me be clear",
    "id": 30601
  },
  {
    "name": "Let us cap",
    "id": 30968
  },
  {
    "name": "le_noobs",
    "id": 31332
  },
  {
    "name": "liquid",
    "id": 30490
  },
  {
    "name": "little iinsteins",
    "id": 30272
  },
  {
    "name": "Little Witch Academia",
    "id": 30664
  },
  {
    "name": "lofi cringe",
    "id": 30371
  },
  {
    "name": "Looking For Trade",
    "id": 30176
  },
  {
    "name": "Loop Froops",
    "id": 31709
  },
  {
    "name": "Lordi opena",
    "id": 31109
  },
  {
    "name": "Low Hour Cunts",
    "id": 33017
  },
  {
    "name": "Low Nine",
    "id": 32000
  },
  {
    "name": "10 - MAC-10 - это образ жизни",
    "id": 30750
  },
  {
    "name": "mad?",
    "id": 31293
  },
  {
    "name": "mah boi",
    "id": 30561
  },
  {
    "name": "MAMbl HET",
    "id": 30229
  },
  {
    "name": "Massive Legends",
    "id": 30185
  },
  {
    "name": "master+4",
    "id": 31184
  },
  {
    "name": "Mathematics Department",
    "id": 32154
  },
  {
    "name": "me anoto un amigo",
    "id": 33030
  },
  {
    "name": "Medic Carry",
    "id": 30117
  },
  {
    "name": "MegaStrife",
    "id": 32155
  },
  {
    "name": "Melbono",
    "id": 30293
  },
  {
    "name": "ME - Meme",
    "id": 30340
  },
  {
    "name": "Memes For The Win",
    "id": 30173
  },
  {
    "name": "Men Liker",
    "id": 32698
  },
  {
    "name": "Mentally Untouchable",
    "id": 32454
  },
  {
    "name": "MeraHerpbI",
    "id": 32348
  },
  {
    "name": "MGE WITH HEALS",
    "id": 31808
  },
  {
    "name": "MgeSquad",
    "id": 31710
  },
  {
    "name": "midnight blad",
    "id": 30565
  },
  {
    "name": "Migos Gaming",
    "id": 30321
  },
  {
    "name": "Mink and Ham",
    "id": 32435
  },
  {
    "name": "missingtexture",
    "id": 31899
  },
  {
    "name": "momero simpsons",
    "id": 32372
  },
  {
    "name": "MOMICHIS GOD",
    "id": 32076
  },
  {
    "name": "Monarchs of the Circular Thing",
    "id": 30360
  },
  {
    "name": "Mongoane",
    "id": 30365
  },
  {
    "name": "Monkey World Employees",
    "id": 31408
  },
  {
    "name": "monogatari",
    "id": 32082
  },
  {
    "name": "Moon.1918",
    "id": 30488
  },
  {
    "name": "Moon1918",
    "id": 30564
  },
  {
    "name": "Morax-Sandvich-giver-Bar",
    "id": 31986
  },
  {
    "name": "Moy and the Rice Farmer",
    "id": 30168
  },
  {
    "name": "Mr McVities Grandstanding Biscuit inc.",
    "id": 30211
  },
  {
    "name": "J= - mu",
    "id": 30288
  },
  {
    "name": "Mutual Babysitters",
    "id": 30901
  },
  {
    "name": "My Pipes Bro",
    "id": 30836
  },
  {
    "name": "Nekusu Esports",
    "id": 32535
  },
  {
    "name": "New Bonk",
    "id": 30199
  },
  {
    "name": "Nice Try",
    "id": 30910
  },
  {
    "name": "NiceBoys",
    "id": 31084
  },
  {
    "name": "Nico Nico Nii",
    "id": 31337
  },
  {
    "name": "Niji",
    "id": 30196
  },
  {
    "name": "NO ADVERSARIES",
    "id": 30765
  },
  {
    "name": "No Worms Allowed",
    "id": 31248
  },
  {
    "name": "nocap",
    "id": 30244
  },
  {
    "name": "Noice one gois",
    "id": 30670
  },
  {
    "name": "Nomad",
    "id": 32693
  },
  {
    "name": "Nose Boopers",
    "id": 32556
  },
  {
    "name": "notorious irish gamers",
    "id": 30788
  },
  {
    "name": "NUNYA",
    "id": 32303
  },
  {
    "name": "nunyaa",
    "id": 32304
  },
  {
    "name": "offclass",
    "id": 32322
  },
  {
    "name": "old fags chill!",
    "id": 30174
  },
  {
    "name": "OLEG CLAN",
    "id": 33182
  },
  {
    "name": "Olympus",
    "id": 30535
  },
  {
    "name": "omochi+yup+sondrago",
    "id": 30351
  },
  {
    "name": "one dance",
    "id": 33025
  },
  {
    "name": "open sweats",
    "id": 31945
  },
  {
    "name": "OPÓR",
    "id": 31160
  },
  {
    "name": "Oral Sync",
    "id": 30776
  },
  {
    "name": "Ori-YLe",
    "id": 31209
  },
  {
    "name": "Particks!",
    "id": 31546
  },
  {
    "name": "PASTA MANG",
    "id": 30279
  },
  {
    "name": "PE$ETAS GAMING",
    "id": 31284
  },
  {
    "name": "Pepsi",
    "id": 32243
  },
  {
    "name": "PERÚ LIBRE",
    "id": 31410
  },
  {
    "name": "PERUMEX",
    "id": 30228
  },
  {
    "name": "PEST",
    "id": 30283
  },
  {
    "name": "Pete's Elo",
    "id": 30280
  },
  {
    "name": "PhaPhiSu Gaming",
    "id": 32201
  },
  {
    "name": "PIERDOWICE E-SPORT",
    "id": 32460
  },
  {
    "name": "Pigsteppers",
    "id": 30703
  },
  {
    "name": "plastic dinosaurs",
    "id": 32081
  },
  {
    "name": "Poggers Patrol",
    "id": 31989
  },
  {
    "name": "PoroTos",
    "id": 30898
  },
  {
    "name": "Potato Man and Cheese Boy",
    "id": 31348
  },
  {
    "name": "Powerful Magicians",
    "id": 30487
  },
  {
    "name": "Poxie y los chicos cool Academy",
    "id": 32514
  },
  {
    "name": "Pretzels are Making me Thirsty",
    "id": 31485
  },
  {
    "name": "Primary",
    "id": 30195
  },
  {
    "name": "Primos",
    "id": 31246
  },
  {
    "name": "PUB TEAM",
    "id": 32561
  },
  {
    "name": "Punished Diamond Frogs",
    "id": 31749
  },
  {
    "name": "PUTIES",
    "id": 31752
  },
  {
    "name": "q paso papi",
    "id": 32317
  },
  {
    "name": "que duo",
    "id": 31436
  },
  {
    "name": "Rage Gods",
    "id": 30158
  },
  {
    "name": "Ragsacken",
    "id": 30190
  },
  {
    "name": "Ragsacken",
    "id": 30275
  },
  {
    "name": "random_access_memory",
    "id": 30269
  },
  {
    "name": "ratthew and the 2 commandments",
    "id": 32775
  },
  {
    "name": "ratthew and the 2 commandments",
    "id": 32774
  },
  {
    "name": "ratthew and the 2 commandments",
    "id": 32776
  },
  {
    "name": "rdgrd",
    "id": 31073
  },
  {
    "name": "RED SWITCHES TEAM",
    "id": 30246
  },
  {
    "name": "REFORMED_TOXIC_PLAYERS",
    "id": 31773
  },
  {
    "name": "Relation$hip",
    "id": 30960
  },
  {
    "name": "Retarded Boi",
    "id": 30384
  },
  {
    "name": "Rewinduo",
    "id": 31024
  },
  {
    "name": "Rewinduo",
    "id": 30740
  },
  {
    "name": "righteous serpents",
    "id": 31211
  },
  {
    "name": "riotX",
    "id": 30741
  },
  {
    "name": "ROLEX",
    "id": 33248
  },
  {
    "name": "Roza",
    "id": 30751
  },
  {
    "name": "Russian Doublet",
    "id": 30828
  },
  {
    "name": "Saint Snow",
    "id": 30341
  },
  {
    "name": "sandbagging in steel",
    "id": 31545
  },
  {
    "name": "sb696",
    "id": 30385
  },
  {
    "name": "Sea Of Thieves Is Better",
    "id": 32554
  },
  {
    "name": "Sean Kingston Fan Club",
    "id": 30566
  },
  {
    "name": "secks boys",
    "id": 32011
  },
  {
    "name": "SEDEXULTI",
    "id": 30527
  },
  {
    "name": "Sequence UD",
    "id": 30372
  },
  {
    "name": "Sequence Ultiduo",
    "id": 30367
  },
  {
    "name": "Sewer Shooters",
    "id": 31027
  },
  {
    "name": "SexMenGaming",
    "id": 32786
  },
  {
    "name": "sexosexomiaumiau",
    "id": 32365
  },
  {
    "name": "shada",
    "id": 32279
  },
  {
    "name": "SHADALOO",
    "id": 32195
  },
  {
    "name": "ShaDow Pigeons",
    "id": 30966
  },
  {
    "name": "SHEEEESH",
    "id": 31993
  },
  {
    "name": "Shinzo Crusaders",
    "id": 32863
  },
  {
    "name": "Shrimp_",
    "id": 30300
  },
  {
    "name": "sinUS and cosinUS",
    "id": 32618
  },
  {
    "name": "skill issue pt2",
    "id": 32503
  },
  {
    "name": "skulls with no attitude",
    "id": 32349
  },
  {
    "name": "Skunked Again!",
    "id": 31325
  },
  {
    "name": "small penis bois",
    "id": 30642
  },
  {
    "name": "snou",
    "id": 30827
  },
  {
    "name": "Snow in April",
    "id": 31750
  },
  {
    "name": "Snow's Test Team",
    "id": 30538
  },
  {
    "name": "Sojourner",
    "id": 30299
  },
  {
    "name": "soldier skill",
    "id": 31302
  },
  {
    "name": "Somalian Warrios",
    "id": 30209
  },
  {
    "name": "somos gostosas",
    "id": 32290
  },
  {
    "name": "SOSO - SOSO-IUSTI",
    "id": 30766
  },
  {
    "name": "sour cream and onion connoisseurs",
    "id": 31023
  },
  {
    "name": "Space Jam",
    "id": 30958
  },
  {
    "name": "Spidi Kamien Schijo",
    "id": 31301
  },
  {
    "name": "Spongyabob és Patrik",
    "id": 33262
  },
  {
    "name": "spoofy and highvoltage",
    "id": 31587
  },
  {
    "name": "Squishy Cheeks",
    "id": 30184
  },
  {
    "name": "sry im new",
    "id": 33027
  },
  {
    "name": "Steel Barebux",
    "id": 32768
  },
  {
    "name": "Strobe",
    "id": 32313
  },
  {
    "name": "Styln",
    "id": 32995
  },
  {
    "name": "Super Mario World",
    "id": 30198
  },
  {
    "name": "Super Soldiers",
    "id": 30302
  },
  {
    "name": "Supra Mayro",
    "id": 32697
  },
  {
    "name": "Sushi",
    "id": 32827
  },
  {
    "name": "SweetySoldiers.MGEme.now",
    "id": 30205
  },
  {
    "name": "SZAR",
    "id": 30567
  },
  {
    "name": "TACO 2s sponzored by HSE",
    "id": 30956
  },
  {
    "name": "Tapatio",
    "id": 30235
  },
  {
    "name": "Te Extraño",
    "id": 30327
  },
  {
    "name": "Tea For Two",
    "id": 32193
  },
  {
    "name": "Team",
    "id": 30268
  },
  {
    "name": "team",
    "id": 30669
  },
  {
    "name": "team",
    "id": 33195
  },
  {
    "name": "team delete",
    "id": 30353
  },
  {
    "name": "Team Merkelsommer",
    "id": 32369
  },
  {
    "name": "star - Team Star",
    "id": 32251
  },
  {
    "name": "teamname",
    "id": 31698
  },
  {
    "name": "Teejayx6 x Kasher Quon",
    "id": 31615
  },
  {
    "name": "terrileloko.",
    "id": 30387
  },
  {
    "name": "TERRORBYTE",
    "id": 30667
  },
  {
    "name": "test 2v2 team",
    "id": 29818
  },
  {
    "name": "teurastaja",
    "id": 30175
  },
  {
    "name": "TF2 Bart Gaming",
    "id": 30373
  },
  {
    "name": "tf2c lobby ruiners",
    "id": 30641
  },
  {
    "name": "TFKs Gay Duo",
    "id": 32770
  },
  {
    "name": "thanks zap",
    "id": 30637
  },
  {
    "name": "the",
    "id": 30718
  },
  {
    "name": "The Abandoned",
    "id": 31163
  },
  {
    "name": "The Bottle Breakers",
    "id": 30571
  },
  {
    "name": "The Braindeads",
    "id": 30382
  },
  {
    "name": "The Brexit party",
    "id": 30781
  },
  {
    "name": "The Chess Foundation",
    "id": 31168
  },
  {
    "name": "The Communist Party",
    "id": 31801
  },
  {
    "name": "The crew of XEON",
    "id": 31308
  },
  {
    "name": "The Cum Masters",
    "id": 31162
  },
  {
    "name": "The french guys",
    "id": 30375
  },
  {
    "name": "The Icy Hot Stuntaz",
    "id": 31817
  },
  {
    "name": "The Jobbers",
    "id": 32845
  },
  {
    "name": "The Kermit Klan",
    "id": 31486
  },
  {
    "name": "The Last Defiant Resistance",
    "id": 30897
  },
  {
    "name": "The Law",
    "id": 31696
  },
  {
    "name": "The Legless Duo",
    "id": 31998
  },
  {
    "name": "The Mud",
    "id": 33029
  },
  {
    "name": "The Rangers",
    "id": 32492
  },
  {
    "name": "The Science Team Ultiduos",
    "id": 33038
  },
  {
    "name": "The Stupid Pirates",
    "id": 30661
  },
  {
    "name": "the team (the team)",
    "id": 31079
  },
  {
    "name": "The Two Musketeers",
    "id": 33213
  },
  {
    "name": "The Uh Supervillains",
    "id": 31730
  },
  {
    "name": "The Ultibros",
    "id": 31407
  },
  {
    "name": "THE ULTIMATE DRAGON LORDS",
    "id": 30359
  },
  {
    "name": "The United Sectarians",
    "id": 32302
  },
  {
    "name": "thepenguineandshadycombo",
    "id": 31349
  },
  {
    "name": "ThePro Official © Copyright ™ Trademark®",
    "id": 31723
  },
  {
    "name": "Thirsty Pretzels",
    "id": 31566
  },
  {
    "name": "Throwyotech 3.1",
    "id": 30757
  },
  {
    "name": "Thunderstorm",
    "id": 31076
  },
  {
    "name": "tofu’s funhouse",
    "id": 31045
  },
  {
    "name": "TOMB- - Tombstone",
    "id": 32777
  },
  {
    "name": "TOO BASED",
    "id": 31831
  },
  {
    "name": "Towel Gang",
    "id": 32834
  },
  {
    "name": "ToxicFatKids: Diamond Duo",
    "id": 32872
  },
  {
    "name": "ToxicFatKids: Diamond Duo",
    "id": 32842
  },
  {
    "name": "TRADE PLAZA TERROR",
    "id": 32703
  },
  {
    "name": "Trans4Trump",
    "id": 32222
  },
  {
    "name": "tg - tummy gang",
    "id": 32173
  },
  {
    "name": "Two Discovods",
    "id": 31183
  },
  {
    "name": "two lesbians kissing",
    "id": 33192
  },
  {
    "name": "two weebs",
    "id": 30832
  },
  {
    "name": "U't",
    "id": 31805
  },
  {
    "name": "Uberchaos",
    "id": 32811
  },
  {
    "name": "Ulku Ocaklari duo",
    "id": 30187
  },
  {
    "name": "ultiduo bos baby",
    "id": 32662
  },
  {
    "name": "ultiduo é legal",
    "id": 30785
  },
  {
    "name": "ultiduo team",
    "id": 32038
  },
  {
    "name": "ultiduo team",
    "id": 31697
  },
  {
    "name": "ultiminions",
    "id": 32079
  },
  {
    "name": "ultisex",
    "id": 32300
  },
  {
    "name": "Ultrainstint",
    "id": 30793
  },
  {
    "name": "ultramario",
    "id": 30484
  },
  {
    "name": "umud+8 : sicko mode",
    "id": 30206
  },
  {
    "name": "Un4sticken",
    "id": 31548
  },
  {
    "name": "unconsented sexual favours",
    "id": 30342
  },
  {
    "name": "Unknown Quantities",
    "id": 32767
  },
  {
    "name": "Up 2 U",
    "id": 32433
  },
  {
    "name": "USA",
    "id": 30345
  },
  {
    "name": "UV & LINE",
    "id": 30245
  },
  {
    "name": "UV & LINE",
    "id": 30248
  },
  {
    "name": "UwU_TwT",
    "id": 31509
  },
  {
    "name": "vadi and sebek slayers",
    "id": 31695
  },
  {
    "name": "veeti13vpelailee(xDD)",
    "id": 31483
  },
  {
    "name": "Vertex",
    "id": 30364
  },
  {
    "name": "vibe",
    "id": 31915
  },
  {
    "name": "Walking Pegasus",
    "id": 32171
  },
  {
    "name": "Wallace and Gromit",
    "id": 31625
  },
  {
    "name": "watermelon dog",
    "id": 30161
  },
  {
    "name": "we are not edating",
    "id": 31032
  },
  {
    "name": "We Come Here For Medals",
    "id": 30236
  },
  {
    "name": "We come to say the nword",
    "id": 30381
  },
  {
    "name": "we dont care",
    "id": 30292
  },
  {
    "name": "we got the jazz",
    "id": 30526
  },
  {
    "name": "Weeb Sqaud",
    "id": 31612
  },
  {
    "name": "WET- - WetCardBoard",
    "id": 33242
  },
  {
    "name": "wezeer Ultiduo",
    "id": 30903
  },
  {
    "name": "WHATSAPPCAR",
    "id": 32153
  },
  {
    "name": "Wheelchair gaming",
    "id": 30276
  },
  {
    "name": "WHEREISKAITO?",
    "id": 30160
  },
  {
    "name": "Witness Gaming",
    "id": 33037
  },
  {
    "name": "Women Adoring Players",
    "id": 31324
  },
  {
    "name": "WRONGDOG ULTIDUO",
    "id": 31614
  },
  {
    "name": "x1 capper",
    "id": 30782
  },
  {
    "name": "x1 capper",
    "id": 30783
  },
  {
    "name": "XD",
    "id": 30896
  },
  {
    "name": "Xiao",
    "id": 33191
  },
  {
    "name": "YarramKalın31",
    "id": 32778
  },
  {
    "name": "yesyes",
    "id": 30754
  },
  {
    "name": "yolo",
    "id": 32452
  },
  {
    "name": "Young Asian War Athletes",
    "id": 31755
  },
  {
    "name": "Young N' Gaming",
    "id": 31271
  },
  {
    "name": "youngs",
    "id": 32826
  },
  {
    "name": "Your Bizarre Adventure",
    "id": 32852
  },
  {
    "name": "Your_Mom",
    "id": 32343
  },
  {
    "name": "zabxdev",
    "id": 33249
  },
  {
    "name": "zxcv",
    "id": 30386
  },
  {
    "name": "_-_-_-_-_-s.x.e-_-_-_-_-_-",
    "id": 32055
  },
  {
    "name": "аня скинь сиськи",
    "id": 31816
  },
  {
    "name": "ГЛАВНЫЕ ЧЕЛЫ",
    "id": 32772
  },
  {
    "name": "Инвалиды",
    "id": 30368
  },
  {
    "name": "Лёша и Артём",
    "id": 31717
  },
  {
    "name": "ПивноеУльти",
    "id": 32766
  },
  {
    "name": "пожилой инженер застукал спая 18+",
    "id": 30287
  },
  {
    "name": "СУПЕРАРБУЗ",
    "id": 31159
  },
  {
    "name": "เหรียญบาท",
    "id": 32057
  },
  {
    "name": "ᴡʜᴏ sᴀɪᴅ ǫᴜᴀᴄᴋ?",
    "id": 30689
  },
  {
    "name": "♤♡◇♧",
    "id": 30570
  },
  {
    "name": "ャ sᴋɪᴅ ᴀᴛᴍᴏsᴘʜᴇʀᴇ ャ",
    "id": 31510
  },
  {
    "name": "喫茶店",
    "id": 30796
  },
  {
    "name": "대깨팀들",
    "id": 32178
  }
]
