---
source: tests/snapshot.rs
expression: parsed
---
{
  "comment": "https://logs.tf/3509421#76561198288857894\r\nhttps://logs.tf/3509435#76561198288857894",
  "comment_author": "Vkid E-sports:",
  "team_home": {
    "name": "Vkid E-Sports",
    "id": 32033
  },
  "team_away": {
    "name": "Xenon",
    "id": 7861
  },
  "score_home": 4,
  "score_away": 0
}
